// Jest Snapshot v1, https://goo.gl/fbAQLP

exports[`PaginationBarSnapshot should render normal pagination bar 1`] = `
<DocumentFragment>
  <div
    class="sc-gsnTZi kzffjj"
  >
    <button
      class="sc-bczRLJ hQcwZr"
      disabled=""
    >
      <svg
        fill="none"
        height="1em"
        stroke="currentColor"
        stroke-linecap="round"
        stroke-linejoin="round"
        stroke-width="2"
        viewBox="0 0 24 24"
        width="1em"
        xmlns="http://www.w3.org/2000/svg"
      >
        <polyline
          points="15 18 9 12 15 6"
        />
      </svg>
      Prev Page
    </button>
    <button
      class="sc-bczRLJ hQcwZr"
    >
      Next Page
      <svg
        fill="none"
        height="1em"
        stroke="currentColor"
        stroke-linecap="round"
        stroke-linejoin="round"
        stroke-width="2"
        viewBox="0 0 24 24"
        width="1em"
        xmlns="http://www.w3.org/2000/svg"
      >
        <polyline
          points="9 18 15 12 9 6"
        />
      </svg>
    </button>
  </div>
</DocumentFragment>
`;
