// Jest Snapshot v1, https://goo.gl/fbAQLP

exports[`PaginationBarSnapshot should render normal pagination bar 1`] = `
<div
  className="sc-gsnTZi kzffjj"
>
  <button
    className="sc-bczRLJ hQcwZr"
    disabled={true}
    onClick={[Function]}
  >
    <svg
      fill="none"
      height="1em"
      stroke="currentColor"
      strokeLinecap="round"
      strokeLinejoin="round"
      strokeWidth="2"
      style={
        {
          "color": undefined,
        }
      }
      viewBox="0 0 24 24"
      width="1em"
      xmlns="http://www.w3.org/2000/svg"
    >
      <polyline
        points="15 18 9 12 15 6"
      />
    </svg>
    Prev Page
  </button>
  <button
    className="sc-bczRLJ hQcwZr"
    disabled={false}
    onClick={[Function]}
  >
    Next Page
    <svg
      fill="none"
      height="1em"
      stroke="currentColor"
      strokeLinecap="round"
      strokeLinejoin="round"
      strokeWidth="2"
      style={
        {
          "color": undefined,
        }
      }
      viewBox="0 0 24 24"
      width="1em"
      xmlns="http://www.w3.org/2000/svg"
    >
      <polyline
        points="9 18 15 12 9 6"
      />
    </svg>
  </button>
</div>
`;
