// Jest Snapshot v1, https://goo.gl/fbAQLP

exports[`DriverCardSnapshot should render normal driver management page 1`] = `
[
  <div
    className="sc-gsnTZi gWfrLw"
  >
    <div>
      <h1
        className="sc-dkzDqf jgLszs"
      >
        DRIVER MANAGEMENT
      </h1>
      <p
        className="sc-hKMtZM ekwDAk"
      >
        Data Driver bekerja dengan Anda.
      </p>
    </div>
    <div
      className="sc-eCYdqJ hTqtVi"
    >
      <TextInput
        leftIcon={<FaSearch />}
        onChange={[Function]}
        placeholder="Cari Driver"
        type="text"
      />
      <button
        className="sc-bczRLJ dgTHSu"
      >
        TAMBAH DRIVER
        <svg
          fill="none"
          height="1em"
          stroke="currentColor"
          strokeWidth="0"
          style={
            {
              "color": undefined,
            }
          }
          viewBox="0 0 24 24"
          width="1em"
          xmlns="http://www.w3.org/2000/svg"
        >
          <path
            d="M12 4v16m8-8H4"
            strokeLinecap="round"
            strokeLinejoin="round"
            strokeWidth="2"
          />
        </svg>
      </button>
    </div>
  </div>,
  <br />,
  <ListDriver
    data={
      [
        {
          "key": "example one of users key",
        },
      ]
    }
  />,
  <PaginationBar
    onNext={[Function]}
    onPrev={[Function]}
    pageIndex={1}
    totalPages={6}
  />,
]
`;
