// Jest Snapshot v1, https://goo.gl/fbAQLP

exports[`SeparatorLineSnapshot should render normal SeparatorLine 1`] = `
<DocumentFragment>
  <div>
    <p>
      firstName, lastName
    </p>
    <p>
      098123123123
    </p>
    <p>
      email@email.com
    </p>
    <p>
      12/10/1998
    </p>
  </div>
</DocumentFragment>
`;
