// Jest Snapshot v1, https://goo.gl/fbAQLP

exports[`DriverCardSnapshot should render normal driver card 1`] = `
<div
  className="sc-bczRLJ bZLAfS"
>
  <div
    className="sc-dkzDqf kwBbVE"
  >
    <div>
      <p
        className="sc-gsnTZi sc-hKMtZM FhkDi eciUyH"
      >
        Driver ID
      </p>
      <p
        className="sc-eCYdqJ eLaVsl"
      >
        userName
      </p>
    </div>
    <div
      className="sc-jSMfEi bKWWQD"
    >
      <svg
        fill="currentColor"
        height="1em"
        stroke="currentColor"
        strokeWidth="0"
        style={
          {
            "color": undefined,
          }
        }
        viewBox="0 0 20 20"
        width="1em"
        xmlns="http://www.w3.org/2000/svg"
      >
        <path
          d="M6 10a2 2 0 11-4 0 2 2 0 014 0zM12 10a2 2 0 11-4 0 2 2 0 014 0zM16 12a2 2 0 100-4 2 2 0 000 4z"
        />
      </svg>
    </div>
  </div>
  <div
    className="sc-ftvSup cqdCPy"
  >
    <div
      className="sc-iqcoie dHgEIj"
    />
    <div
      className="sc-papXJ jhdeYe"
    >
      <div
        className="sc-jqUVSM ifauud"
      >
        <p
          className="sc-gsnTZi sc-gKXOVf FhkDi beJtKk"
        >
          Nama Driver
        </p>
        <p
          className="sc-iBkjds bthwDz"
        >
          firstName
          , 
          lastName
        </p>
      </div>
      <div
        className="sc-jqUVSM ifauud"
      >
        <p
          className="sc-gsnTZi sc-gKXOVf FhkDi beJtKk"
        >
          Telepon
        </p>
        <p
          className="sc-iBkjds bthwDz"
        >
          098123123123
        </p>
      </div>
      <div
        className="sc-kDDrLX bbZLZe"
      >
        <div
          className="sc-jqUVSM ifauud"
        >
          <p
            className="sc-gsnTZi sc-gKXOVf FhkDi beJtKk"
          >
            Email
          </p>
          <p
            className="sc-iBkjds bthwDz"
          >
            email@email.com
          </p>
        </div>
        <div
          className="sc-jqUVSM ifauud"
        >
          <p
            className="sc-gsnTZi sc-gKXOVf FhkDi beJtKk"
          >
            Tanggal Lahir
          </p>
          <p
            className="sc-iBkjds bthwDz"
          >
            12/10/1998
          </p>
        </div>
      </div>
    </div>
  </div>
</div>
`;
