// Jest Snapshot v1, https://goo.gl/fbAQLP

exports[`ListDriverSnapshot should render error state list driver 1`] = `
<div
  className="sc-ksZaOG cNQmIU"
>
  <p>
    Terjadi Kesalahan Saat pengambilan Data Driver.
  </p>
  <button
    className="sc-bczRLJ iyjxpd"
  >
    Coba Lagi
  </button>
</div>
`;

exports[`ListDriverSnapshot should render loading state list driver 1`] = `
<div
  className="sc-breuTD gNnOMM"
>
  <div
    className="sc-evZas cVQZXf"
    size="4rem"
  />
</div>
`;

exports[`ListDriverSnapshot should render normal state list driver 1`] = `
<div
  className="sc-hAZoDl jsEuU"
>
  <div
    className="sc-gsnTZi byoYPo"
  >
    <div
      className="sc-hKMtZM dfTmvn"
    >
      <div>
        <p
          className="sc-dkzDqf sc-eCYdqJ bkDjgV geixOC"
        >
          Driver ID
        </p>
        <p
          className="sc-jSMfEi eQOOWD"
        >
          userName
        </p>
      </div>
      <div
        className="sc-gKXOVf kSkZUi"
      >
        <svg
          fill="currentColor"
          height="1em"
          stroke="currentColor"
          strokeWidth="0"
          style={
            {
              "color": undefined,
            }
          }
          viewBox="0 0 20 20"
          width="1em"
          xmlns="http://www.w3.org/2000/svg"
        >
          <path
            d="M6 10a2 2 0 11-4 0 2 2 0 014 0zM12 10a2 2 0 11-4 0 2 2 0 014 0zM16 12a2 2 0 100-4 2 2 0 000 4z"
          />
        </svg>
      </div>
    </div>
    <div
      className="sc-papXJ hIXhCT"
    >
      <div
        className="sc-crXcEl eDMxcY"
      />
      <div
        className="sc-jqUVSM epcwnv"
      >
        <div
          className="sc-kDDrLX UBIxm"
        >
          <p
            className="sc-dkzDqf sc-iBkjds bkDjgV fDTFxa"
          >
            Nama Driver
          </p>
          <p
            className="sc-ftvSup gjtXSY"
          >
            firstName
            , 
            lastName
          </p>
        </div>
        <div
          className="sc-kDDrLX UBIxm"
        >
          <p
            className="sc-dkzDqf sc-iBkjds bkDjgV fDTFxa"
          >
            Telepon
          </p>
          <p
            className="sc-ftvSup gjtXSY"
          >
            098123123123
          </p>
        </div>
        <div
          className="sc-iqcoie fmUYHX"
        >
          <div
            className="sc-kDDrLX UBIxm"
          >
            <p
              className="sc-dkzDqf sc-iBkjds bkDjgV fDTFxa"
            >
              Email
            </p>
            <p
              className="sc-ftvSup gjtXSY"
            >
              email@email.com
            </p>
          </div>
          <div
            className="sc-kDDrLX UBIxm"
          >
            <p
              className="sc-dkzDqf sc-iBkjds bkDjgV fDTFxa"
            >
              Tanggal Lahir
            </p>
            <p
              className="sc-ftvSup gjtXSY"
            >
              12/10/1998
            </p>
          </div>
        </div>
      </div>
    </div>
  </div>
</div>
`;
